npm : npm warn deprecated uuid@9.0.1: uuid@10 and below is no longer 
supported.  For ESM codebases, update to uuid@latest.  For CommonJS codebases, 
use uuid@11 (but be aware this version will likely be deprecated in 2028).
At line:1 char:1
+ npm install 2>&1 | Out-File -FilePath install.log -Encoding utf8
+ ~~~~~~~~~~~~~~~~
    + CategoryInfo          : NotSpecified: (npm warn deprec...cated in     
2028).:String) [], RemoteException
    + FullyQualifiedErrorId : NativeCommandError
 
npm warn deprecated uuid@10.0.0: uuid@10 and below is no longer supported.  
For ESM codebases, update to uuid@latest.  For CommonJS codebases, use uuid@11 
(but be aware this version will likely be deprecated in 2028).
npm warn deprecated next@14.2.5: This version has a security vulnerability. 
Please upgrade to a patched version. See 
https://nextjs.org/blog/security-update-2025-12-11 for more details.

added 192 packages, changed 2 packages, and audited 195 packages in 1m

29 packages are looking for funding
  run `npm fund` for details

15 vulnerabilities (5 low, 7 moderate, 1 high, 2 critical)

To address issues that do not require attention, run:
  npm audit fix

To address all issues (including breaking changes), run:
  npm audit fix --force

Run `npm audit` for details.
